
> interpretation-platform@0.1.0 build
> next build

node.exe :  ÔÜá 
`eslint` 
configuration in 
next.config.ts is 
no longer 
supported. See 
more info here: htt
ps://nextjs.org/doc
s/app/api-reference
/cli/next#next-lint
-options
No linha:1 
caractere:1
+ & "C:\Program Fil
es\nodejs/node.exe"
 "C:\Program Files\
nodejs/node_mo ...
+ ~~~~~~~~~~~~~~~~~
~~~~~~~~~~~~~~~~~~~
~~~~~~~~~~~~~~~~~~~
~~~~~~~~~~~~~~
    + CategoryInfo 
             : 
NotSpe    cified: 
( ÔÜá `e    slint` 
c...xt-li    
nt-options:Strin   
 g) [], RemoteExc  
  eption
    + 
FullyQualified    
ErrorId : Native   
 CommandError
 
 ÔÜá Invalid 
next.config.ts 
options detected: 
 ÔÜá     
Unrecognized 
key(s) in object: 
'eslint'
 ÔÜá See more info 
here: https://nextj
s.org/docs/messages
/invalid-next-confi
g
 ÔÜá Warning: 
Next.js inferred 
your workspace 
root, but it may 
not be correct.
 We detected 
multiple lockfiles 
and selected the 
directory of C:\Use
rs\User\package-loc
k.json as the root 
directory.
 To silence this 
warning, set 
`turbopack.root` 
in your Next.js 
config, or 
consider removing 
one of the 
lockfiles if it's 
not needed.
   See https://next
js.org/docs/app/api
-reference/config/n
ext-config-js/turbo
pack#root-directory
 for more 
information.
 Detected 
additional 
lockfiles: 
   * C:\Users\User\
.gemini\antigravity
\scratch\interpreta
tion-platform\packa
ge-lock.json

   Ôû▓ Next.js 16.0.10 (Turbopack)
   - Environments: .env.local, .env.production

 ÔÜá The 
"middleware" file 
convention is 
deprecated. Please 
use "proxy" 
instead. Learn 
more: https://nextj
s.org/docs/messages
/middleware-to-prox
y
   Creating an optimized production build ...

> Build error 
occurred
Error: Turbopack 
build failed with 
1 errors:
./.gemini/antigravi
ty/scratch/interpre
tation-platform/com
ponents/dashboard/d
ashboard-client.tsx
:11:1
Module not found: 
Can't resolve '@/co
mponents/demo-banne
r'
[0m [90m  9 
|[39m 
[36mimport[39m { 
[33mInstantMeeting
Button[39m } 
[36mfrom[39m [32
m'@/components/dash
board/instant-meeti
ng-button'[39m
 [90m 10 |[39m 
[36mimport[39m { 
[33mShareMeetingDi
alog[39m } 
[36mfrom[39m [32
m'@/components/shar
e-meeting-dialog'[
39m
[31m[1m>[22m[39
m[90m 11 |[39m 
[36mimport[39m { 
[33mDemoBanner[39
m } [36mfrom[39m 
[32m'@/components/
demo-banner'[39m
 [90m    |[39m [
31m[1m^[22m[39m
[31m[1m^[22m[39m
[31m[1m^[22m[39
m[31m[1m^[22m[3
9m[31m[1m^[22m[
39m[31m[1m^[22m
[39m[31m[1m^[22m
[39m[31m[1m^[22
m[39m[31m[1m^[2
2m[39m[31m[1m^[
22m[39m[31m[1m^
[22m[39m[31m[1m^
[22m[39m[31m[1m
^[22m[39m[31m[1
m^[22m[39m[31m[
1m^[22m[39m[31m
[1m^[22m[39m[31m
[1m^[22m[39m[31
m[1m^[22m[39m[3
1m[1m^[22m[39m[
31m[1m^[22m[39m
[31m[1m^[22m[39m
[31m[1m^[22m[39
m[31m[1m^[22m[3
9m[31m[1m^[22m[
39m[31m[1m^[22m
[39m[31m[1m^[22m
[39m[31m[1m^[22
m[39m[31m[1m^[2
2m[39m[31m[1m^[
22m[39m[31m[1m^
[22m[39m[31m[1m^
[22m[39m[31m[1m
^[22m[39m[31m[1
m^[22m[39m[31m[
1m^[22m[39m[31m
[1m^[22m[39m[31m
[1m^[22m[39m[31
m[1m^[22m[39m[3
1m[1m^[22m[39m[
31m[1m^[22m[39m
[31m[1m^[22m[39m
[31m[1m^[22m[39
m[31m[1m^[22m[3
9m[31m[1m^[22m[
39m[31m[1m^[22m
[39m[31m[1m^[22m
[39m[31m[1m^[22
m[39m[31m[1m^[2
2m[39m[31m[1m^[
22m[39m[31m[1m^
[22m[39m[31m[1m^
[22m[39m[31m[1m
^[22m[39m[31m[1
m^[22m[39m[31m[
1m^[22m[39m
 [90m 12 |[39m 
[36mimport[39m { 
useLanguage } 
[36mfrom[39m [32
m'@/components/prov
iders/language-prov
ider'[39m
 [90m 13 |[39m 
[36mimport[39m { 
[33mNotificationsD
ropdown[39m } 
[36mfrom[39m [32
m'@/components/noti
fications-dropdown'
[39m
 [90m 14 
|[39m[0m

Import map: 
aliased to 
relative './compone
nts/demo-banner' 
inside of [project]
/.gemini/antigravit
y/scratch/interpret
ation-platform


Import trace:
  Server Component:
    ./.gemini/antig
ravity/scratch/inte
rpretation-platform
/components/dashboa
rd/dashboard-client
.tsx
    ./.gemini/antig
ravity/scratch/inte
rpretation-platform
/app/dashboard/page
.tsx

https://nextjs.org/
docs/messages/modul
e-not-found


    at <unknown> (.
/.gemini/antigravit
y/scratch/interpret
ation-platform/comp
onents/dashboard/da
shboard-client.tsx:
11:1)
    at <unknown> (h
ttps://nextjs.org/d
ocs/messages/module
-not-found)
