components/ui/dialog.tsx(4,34): error TS2307: Cannot find module '@radix-ui/react-dialog' or its corresponding type declarations.
hooks/use-signaling.ts(2,10): error TS2305: Module '"@/lib/supabase/client"' has no exported member 'supabase'.
hooks/use-signaling.ts(27,52): error TS7006: Parameter 'payload' implicitly has an 'any' type.
hooks/use-signaling.ts(34,25): error TS7006: Parameter 'status' implicitly has an 'any' type.
